// Jest Snapshot v1, https://goo.gl/fbAQLP

exports[`the component renders correctly 1`] = `
<div>
  <h1
    className="text-center"
  >
    Home
  </h1>
  <h2
    className="text-center"
  >
    My Squad
  </h2>
  <div
    className="container text-center"
  >
    <div
      className="row"
    />
  </div>
  <h2
    className="text-center"
  >
    Available Pokemon
  </h2>
  <div
    className="container text-center"
  >
    <div
      className="row"
    />
  </div>
</div>
`;
